exports[`test Index page should show welcome text 1`] = `
<div>
  <span>
    test1
  </span>
  <h1>
    Index Page
  </h1>
  <a
    href="http://passport.dev:8000/oauth/authorize?client_id=7&redirect_uri=http://consumer.dev:8010/callback&response_type=code&scope=read:products read:categories">
    <img
      alt="Login with Mystore.no"
      src="https://s3-eu-west-1.amazonaws.com/mystore-api-auth-app/assets/mystore-api-login-btn.jpg"
      style={
        Object {
          "height": "auto",
          "width": 360,
        }
      } />
  </a>
</div>
`;
